  File                                   |   Times (s)   |   Size (KB)
                                         |  Com     Dec  |   Ori   Com
=========================================+===============+==============
  Alice in Wonderland.txt                |   18      17  |    73    44
  The Adventures of Sherlock Holmes.txt  | 1934    1812  |  6463  3719
  vitter.cpp                             |    4       4  |    15    10
                                         |               |

x2

  File                                   |   Times (s)   |   Size (KB)
                                         |  Com     Dec  |   Ori   Com
=========================================+===============+==============
  Alice in Wonderland.txt                |   18      19  |    73    44
  The Adventures of Sherlock Holmes.txt  | 1881    1878  |  6463  3719
  vitter.cpp                             |    3       3  |    16    11
                                         |               |

x3

  File                                   |   Times (s)   |   Size (KB)
                                         |  Com     Dec  |   Ori   Com
=========================================+===============+==============
  Alice in Wonderland.txt                |   18      19  |    73    44
  The Adventures of Sherlock Holmes.txt  | 1822    1672  |  6463  3719
  vitter.cpp                             |    3       3  |    16    11
                                         |               |

x4

  File                                   |   Times (s)   |   Size (KB)
                                         |  Com     Dec  |   Ori   Com
=========================================+===============+==============
  Alice in Wonderland.txt                |   17      16  |    73    44
  The Adventures of Sherlock Holmes.txt  | 1821    1726  |  6463  3719
  vitter.cpp                             |    3       4  |    16    11
                                         |               |

x5

  File                                   |   Times (s)   |   Size (KB)
                                         |  Com     Dec  |   Ori   Com
=========================================+===============+==============
  Alice in Wonderland.txt                |   17      16  |    73    44
  The Adventures of Sherlock Holmes.txt  | 1859    1793  |  6463  3719
  vitter.cpp                             |    4       4  |    16    11
                                         |               |

x6

  File                                   |   Times (s)   |   Size (KB)
                                         |  Com     Dec  |   Ori   Com
=========================================+===============+==============
  Alice in Wonderland.txt                |   16      14  |    73    44
  The Adventures of Sherlock Holmes.txt  | 1626    1560  |  6463  3719
  vitter.cpp                             |    4       3  |    16    10
                                         |               |